
=== Fri Mar  6 11:49:20 2026

Packages were changed.
Update Mode: mergeDefaultDependencies

The following packages were added:
  com.unity.modules.cloth@1.0.0
  com.unity.modules.director@1.0.0
  com.unity.modules.imgui@1.0.0
  com.unity.modules.jsonserialize@1.0.0
  com.unity.modules.physics@1.0.0
  com.unity.modules.screencapture@1.0.0
  com.unity.modules.terrainphysics@1.0.0
  com.unity.modules.tilemap@1.0.0
  com.unity.modules.ui@1.0.0
  com.unity.modules.uielements@1.0.0
  com.unity.modules.umbra@1.0.0
  com.unity.modules.unityanalytics@1.0.0
  com.unity.modules.unitywebrequest@1.0.0
  com.unity.modules.unitywebrequestassetbundle@1.0.0
  com.unity.modules.unitywebrequestaudio@1.0.0
  com.unity.modules.unitywebrequesttexture@1.0.0
  com.unity.modules.unitywebrequestwww@1.0.0
  com.unity.modules.vehicles@1.0.0
  com.unity.modules.wind@1.0.0
The following packages were updated:
  com.unity.collab-proxy from version 2.2.0 to 2.7.1
  com.unity.inputsystem from version 1.13.1 to 1.14.0
  com.unity.render-pipelines.universal from version 14.0.7 to 14.0.12
  com.unity.xr.meta-openxr from version 1.0.2 to 1.0.4
